// Jest Snapshot v1, https://goo.gl/fbAQLP

exports[`Home renders correctly 1`] = `
<div
  className="wrapper"
>
  <p>
    To get started, edit 
    <code>
      src/routes/home/components/Home.js
    </code>
     
    and save to reload.
  </p>
  <a
    href="/about"
    method="push"
    onClick={[Function]}
  >
    ABOUT
  </a>
</div>
`;
